// Jest Snapshot v1, https://goo.gl/fbAQLP

exports[`when backend returns a list of accounts should render a table with accounts 1`] = `
<section
  class="pf-c-page__main-section pf-m-light"
  id="developer-accounts-title-section"
>
  <div
    class="pf-c-content"
  >
    <h1
      class=""
      data-pf-content="true"
    >
      body_title
    </h1>
  </div>
  <button
    class="pf-c-button pf-m-link"
    type="button"
  >
    <span
      class="pf-c-button__icon"
    >
      <svg
        aria-hidden="true"
        fill="currentColor"
        height="1em"
        role="img"
        style="vertical-align: -0.125em;"
        viewBox="0 64 1024 1024"
        width="1em"
      >
        <path
          d="M980.293 278.754l-95.387-95.387-393.84 393.856c-5.285 5.262-11.353 7.909-18.203 7.911-6.862 0-12.935-2.649-18.222-7.911l-81.019-81.019c-5.262-5.285-7.909-11.353-7.909-18.219 0-6.85 2.649-12.914 7.909-18.203l393.856-393.84-95.381-95.381c-24.039-24.037-15.89-43.705 18.105-43.705h271.982c53.227 0 61.813 9.273 61.813 61.813v271.982c0.005 33.998-19.662 42.151-43.703 18.105zM146.286 793.143c0 3.312 1.077 6.048 3.232 8.203 2.151 2.151 4.889 3.227 8.199 3.225h708.661c3.287 0 5.998-1.067 8.137-3.202 2.135-2.137 3.202-4.848 3.202-8.135v-331.701c0-6.571 2.135-11.995 6.409-16.272 4.27-4.267 9.696-6.407 16.267-6.405h100.933c6.571-0.002 11.998 2.137 16.267 6.405 4.277 4.277 6.409 9.701 6.409 16.272v466.647c0.002 6.571-2.137 11.998-6.405 16.267-4.277 4.274-9.701 6.409-16.272 6.409h-978.649c-6.571 0.002-11.998-2.137-16.267-6.405-4.274-4.277-6.409-9.701-6.409-16.272v-978.647c0-6.571 2.135-11.995 6.409-16.272 4.27-4.267 9.696-6.407 16.267-6.405h466.647c6.571 0 11.995 2.135 16.272 6.411 4.267 4.267 6.407 9.696 6.405 16.265v100.933c0.002 6.569-2.137 11.998-6.405 16.265-4.277 4.277-9.701 6.411-16.272 6.411h-331.609c-3.312 0-6.048 1.077-8.203 3.232-2.151 2.149-3.227 4.889-3.225 8.197v708.571z"
          transform="rotate(180 0 512) scale(-1 1)"
        />
      </svg>
    </span>
    header_buttons.export_accounts
  </button>
  <button
    class="pf-c-button pf-m-link"
    type="button"
  >
    <span
      class="pf-c-button__icon"
    >
      <svg
        aria-hidden="true"
        fill="currentColor"
        height="1em"
        role="img"
        style="vertical-align: -0.125em;"
        viewBox="0 0 512 512"
        width="1em"
      >
        <path
          d="M256 8C119 8 8 119 8 256s111 248 248 248 248-111 248-248S393 8 256 8zm144 276c0 6.6-5.4 12-12 12h-92v92c0 6.6-5.4 12-12 12h-56c-6.6 0-12-5.4-12-12v-92h-92c-6.6 0-12-5.4-12-12v-56c0-6.6 5.4-12 12-12h92v-92c0-6.6 5.4-12 12-12h56c6.6 0 12 5.4 12 12v92h92c6.6 0 12 5.4 12 12v56z"
          transform=""
        />
      </svg>
    </span>
    header_buttons.create_account
  </button>
</section>
`;

exports[`when backend returns an error should render an alert 1`] = `
<section
  class="pf-c-page__main-section pf-m-light"
  id="developer-accounts-title-section"
>
  <div
    class="pf-c-content"
  >
    <h1
      class=""
      data-pf-content="true"
    >
      body_title
    </h1>
  </div>
  <button
    class="pf-c-button pf-m-link"
    type="button"
  >
    <span
      class="pf-c-button__icon"
    >
      <svg
        aria-hidden="true"
        fill="currentColor"
        height="1em"
        role="img"
        style="vertical-align: -0.125em;"
        viewBox="0 64 1024 1024"
        width="1em"
      >
        <path
          d="M980.293 278.754l-95.387-95.387-393.84 393.856c-5.285 5.262-11.353 7.909-18.203 7.911-6.862 0-12.935-2.649-18.222-7.911l-81.019-81.019c-5.262-5.285-7.909-11.353-7.909-18.219 0-6.85 2.649-12.914 7.909-18.203l393.856-393.84-95.381-95.381c-24.039-24.037-15.89-43.705 18.105-43.705h271.982c53.227 0 61.813 9.273 61.813 61.813v271.982c0.005 33.998-19.662 42.151-43.703 18.105zM146.286 793.143c0 3.312 1.077 6.048 3.232 8.203 2.151 2.151 4.889 3.227 8.199 3.225h708.661c3.287 0 5.998-1.067 8.137-3.202 2.135-2.137 3.202-4.848 3.202-8.135v-331.701c0-6.571 2.135-11.995 6.409-16.272 4.27-4.267 9.696-6.407 16.267-6.405h100.933c6.571-0.002 11.998 2.137 16.267 6.405 4.277 4.277 6.409 9.701 6.409 16.272v466.647c0.002 6.571-2.137 11.998-6.405 16.267-4.277 4.274-9.701 6.409-16.272 6.409h-978.649c-6.571 0.002-11.998-2.137-16.267-6.405-4.274-4.277-6.409-9.701-6.409-16.272v-978.647c0-6.571 2.135-11.995 6.409-16.272 4.27-4.267 9.696-6.407 16.267-6.405h466.647c6.571 0 11.995 2.135 16.272 6.411 4.267 4.267 6.407 9.696 6.405 16.265v100.933c0.002 6.569-2.137 11.998-6.405 16.265-4.277 4.277-9.701 6.411-16.272 6.411h-331.609c-3.312 0-6.048 1.077-8.203 3.232-2.151 2.149-3.227 4.889-3.225 8.197v708.571z"
          transform="rotate(180 0 512) scale(-1 1)"
        />
      </svg>
    </span>
    header_buttons.export_accounts
  </button>
  <button
    class="pf-c-button pf-m-link"
    type="button"
  >
    <span
      class="pf-c-button__icon"
    >
      <svg
        aria-hidden="true"
        fill="currentColor"
        height="1em"
        role="img"
        style="vertical-align: -0.125em;"
        viewBox="0 0 512 512"
        width="1em"
      >
        <path
          d="M256 8C119 8 8 119 8 256s111 248 248 248 248-111 248-248S393 8 256 8zm144 276c0 6.6-5.4 12-12 12h-92v92c0 6.6-5.4 12-12 12h-56c-6.6 0-12-5.4-12-12v-92h-92c-6.6 0-12-5.4-12-12v-56c0-6.6 5.4-12 12-12h92v-92c0-6.6 5.4-12 12-12h56c6.6 0 12 5.4 12 12v92h92c6.6 0 12 5.4 12 12v56z"
          transform=""
        />
      </svg>
    </span>
    header_buttons.create_account
  </button>
</section>
`;

exports[`when the request is pending should render spinner 1`] = `
<section
  class="pf-c-page__main-section pf-m-light"
  id="developer-accounts-title-section"
>
  <div
    class="pf-c-content"
  >
    <h1
      class=""
      data-pf-content="true"
    >
      body_title
    </h1>
  </div>
  <button
    class="pf-c-button pf-m-link"
    type="button"
  >
    <span
      class="pf-c-button__icon"
    >
      <svg
        aria-hidden="true"
        fill="currentColor"
        height="1em"
        role="img"
        style="vertical-align: -0.125em;"
        viewBox="0 64 1024 1024"
        width="1em"
      >
        <path
          d="M980.293 278.754l-95.387-95.387-393.84 393.856c-5.285 5.262-11.353 7.909-18.203 7.911-6.862 0-12.935-2.649-18.222-7.911l-81.019-81.019c-5.262-5.285-7.909-11.353-7.909-18.219 0-6.85 2.649-12.914 7.909-18.203l393.856-393.84-95.381-95.381c-24.039-24.037-15.89-43.705 18.105-43.705h271.982c53.227 0 61.813 9.273 61.813 61.813v271.982c0.005 33.998-19.662 42.151-43.703 18.105zM146.286 793.143c0 3.312 1.077 6.048 3.232 8.203 2.151 2.151 4.889 3.227 8.199 3.225h708.661c3.287 0 5.998-1.067 8.137-3.202 2.135-2.137 3.202-4.848 3.202-8.135v-331.701c0-6.571 2.135-11.995 6.409-16.272 4.27-4.267 9.696-6.407 16.267-6.405h100.933c6.571-0.002 11.998 2.137 16.267 6.405 4.277 4.277 6.409 9.701 6.409 16.272v466.647c0.002 6.571-2.137 11.998-6.405 16.267-4.277 4.274-9.701 6.409-16.272 6.409h-978.649c-6.571 0.002-11.998-2.137-16.267-6.405-4.274-4.277-6.409-9.701-6.409-16.272v-978.647c0-6.571 2.135-11.995 6.409-16.272 4.27-4.267 9.696-6.407 16.267-6.405h466.647c6.571 0 11.995 2.135 16.272 6.411 4.267 4.267 6.407 9.696 6.405 16.265v100.933c0.002 6.569-2.137 11.998-6.405 16.265-4.277 4.277-9.701 6.411-16.272 6.411h-331.609c-3.312 0-6.048 1.077-8.203 3.232-2.151 2.149-3.227 4.889-3.225 8.197v708.571z"
          transform="rotate(180 0 512) scale(-1 1)"
        />
      </svg>
    </span>
    header_buttons.export_accounts
  </button>
  <button
    class="pf-c-button pf-m-link"
    type="button"
  >
    <span
      class="pf-c-button__icon"
    >
      <svg
        aria-hidden="true"
        fill="currentColor"
        height="1em"
        role="img"
        style="vertical-align: -0.125em;"
        viewBox="0 0 512 512"
        width="1em"
      >
        <path
          d="M256 8C119 8 8 119 8 256s111 248 248 248 248-111 248-248S393 8 256 8zm144 276c0 6.6-5.4 12-12 12h-92v92c0 6.6-5.4 12-12 12h-56c-6.6 0-12-5.4-12-12v-92h-92c-6.6 0-12-5.4-12-12v-56c0-6.6 5.4-12 12-12h92v-92c0-6.6 5.4-12 12-12h56c6.6 0 12 5.4 12 12v92h92c6.6 0 12 5.4 12 12v56z"
          transform=""
        />
      </svg>
    </span>
    header_buttons.create_account
  </button>
</section>
`;
